// Vitest Snapshot v1, https://vitest.dev/guide/snapshot.html

exports[`applyAiLegacyLineupBatchLocally bleibt nach der Perf-Vorpruefung ergebnisgleich > stimmt vollstaendig (results + summary, ohne Perf-Zahlen) mit dem Lauf VOR dem Umbau ueberein 1`] = `
{
  "dryRun": true,
  "includeWarningTeams": false,
  "readOnly": false,
  "results": [
    {
      "aiEligible": true,
      "blockingReasons": [
        "existing_lineup_requires_overwrite_confirm",
      ],
      "captainDecisions": [],
      "captainSlotsRemaining": null,
      "captainSlotsUsed": null,
      "controlMode": "ai",
      "d1CaptainSelectionStatus": null,
      "d2CaptainSelectionStatus": null,
      "overwriteExisting": true,
      "previewStatus": "blocked",
      "result": "skipped_existing",
      "saved": false,
      "teamCode": "A-A",
      "teamId": "A-A",
      "teamName": "Armageddon Aftermath",
      "warnings": [],
    },
    {
      "aiEligible": true,
      "blockingReasons": [],
      "captainDecisions": [
        "Captain opportunistisch gesetzt: Broodmother (Wert 43.0 >= Hürde 30.8, Rang 10, 14% der Seite, Gewicht 1.10)",
        "Captain gespart: negative Formkarte auf dieser Diszi — der Bonus wäre dort verschenkt (Rang 10, Cloud Strife +31.2 Rohpunkte)",
      ],
      "captainSlotsRemaining": 2,
      "captainSlotsUsed": 0,
      "controlMode": "ai",
      "d1CaptainSelectionStatus": "selected",
      "d2CaptainSelectionStatus": "skipped_not_worthwhile",
      "formCardsSelected": 1,
      "negativeFormCardsSelected": 1,
      "overwriteExisting": false,
      "previewStatus": "ready",
      "result": "saved",
      "saved": false,
      "teamCode": "B-B",
      "teamId": "B-B",
      "teamName": "Blazing Beasts",
      "warnings": [],
    },
    {
      "aiEligible": false,
      "blockingReasons": [],
      "captainDecisions": [],
      "captainSlotsRemaining": null,
      "captainSlotsUsed": null,
      "controlMode": "manual",
      "d1CaptainSelectionStatus": null,
      "d2CaptainSelectionStatus": null,
      "overwriteExisting": false,
      "previewStatus": "blocked",
      "result": "skipped_manual",
      "saved": false,
      "teamCode": "B-P",
      "teamId": "B-P",
      "teamName": "Black Panthers",
      "warnings": [],
    },
    {
      "aiEligible": false,
      "blockingReasons": [],
      "captainDecisions": [],
      "captainSlotsRemaining": null,
      "captainSlotsUsed": null,
      "controlMode": "passive",
      "d1CaptainSelectionStatus": null,
      "d2CaptainSelectionStatus": null,
      "overwriteExisting": false,
      "previewStatus": "blocked",
      "result": "skipped_passive",
      "saved": false,
      "teamCode": "C-S",
      "teamId": "C-S",
      "teamName": "Cold Steel",
      "warnings": [],
    },
    {
      "aiEligible": false,
      "blockingReasons": [
        "Team identity for C-C could not be found in the local save.",
      ],
      "captainDecisions": [],
      "captainSlotsRemaining": null,
      "captainSlotsUsed": null,
      "controlMode": "ai",
      "d1CaptainSelectionStatus": null,
      "d2CaptainSelectionStatus": null,
      "overwriteExisting": false,
      "previewStatus": "blocked",
      "result": "skipped_blocked",
      "saved": false,
      "teamCode": "C-C",
      "teamId": "C-C",
      "teamName": "Cash Creators",
      "warnings": [],
    },
    {
      "aiEligible": false,
      "blockingReasons": [
        "ai_lineup_apply_disabled",
      ],
      "captainDecisions": [],
      "captainSlotsRemaining": null,
      "captainSlotsUsed": null,
      "controlMode": "ai",
      "d1CaptainSelectionStatus": null,
      "d2CaptainSelectionStatus": null,
      "overwriteExisting": false,
      "previewStatus": "blocked",
      "result": "skipped_disabled",
      "saved": false,
      "teamCode": "D-L",
      "teamId": "D-L",
      "teamName": "Dire Legion",
      "warnings": [],
    },
    {
      "aiEligible": true,
      "blockingReasons": [],
      "captainDecisions": [
        "Captain gespart: negative Formkarte auf dieser Diszi — der Bonus wäre dort verschenkt (Rang 20, Boulderclash +27.3 Rohpunkte)",
        "Captain gespart: negative Formkarte auf dieser Diszi — der Bonus wäre dort verschenkt (Rang 21, Valeria Bloodfang +22.8 Rohpunkte)",
      ],
      "captainSlotsRemaining": 3,
      "captainSlotsUsed": 0,
      "controlMode": "ai",
      "d1CaptainSelectionStatus": "skipped_not_worthwhile",
      "d2CaptainSelectionStatus": "skipped_not_worthwhile",
      "formCardsSelected": 2,
      "negativeFormCardsSelected": 2,
      "overwriteExisting": true,
      "previewStatus": "ready",
      "result": "saved",
      "saved": false,
      "teamCode": "D-P",
      "teamId": "D-P",
      "teamName": "Death Peaches",
      "warnings": [],
    },
    {
      "aiEligible": false,
      "blockingReasons": [
        "existing_lineup_requires_overwrite_confirm",
      ],
      "captainDecisions": [],
      "captainSlotsRemaining": null,
      "captainSlotsUsed": null,
      "controlMode": "ai",
      "d1CaptainSelectionStatus": null,
      "d2CaptainSelectionStatus": null,
      "overwriteExisting": true,
      "previewStatus": "blocked",
      "result": "skipped_existing",
      "saved": false,
      "teamCode": "G-G",
      "teamId": "G-G",
      "teamName": "Golden Gladiators",
      "warnings": [],
    },
    {
      "aiEligible": false,
      "blockingReasons": [
        "existing_lineup_requires_overwrite_confirm",
      ],
      "captainDecisions": [],
      "captainSlotsRemaining": null,
      "captainSlotsUsed": null,
      "controlMode": "ai",
      "d1CaptainSelectionStatus": null,
      "d2CaptainSelectionStatus": null,
      "overwriteExisting": true,
      "previewStatus": "blocked",
      "result": "skipped_existing",
      "saved": false,
      "teamCode": "H-R",
      "teamId": "H-R",
      "teamName": "Hell Raisers",
      "warnings": [],
    },
    {
      "aiEligible": false,
      "blockingReasons": [
        "existing_lineup_requires_overwrite_confirm",
      ],
      "captainDecisions": [],
      "captainSlotsRemaining": null,
      "captainSlotsUsed": null,
      "controlMode": "ai",
      "d1CaptainSelectionStatus": null,
      "d2CaptainSelectionStatus": null,
      "overwriteExisting": true,
      "previewStatus": "blocked",
      "result": "skipped_existing",
      "saved": false,
      "teamCode": "L-K",
      "teamId": "L-K",
      "teamName": "Lost Kingdom",
      "warnings": [],
    },
    {
      "aiEligible": false,
      "blockingReasons": [
        "existing_lineup_requires_overwrite_confirm",
      ],
      "captainDecisions": [],
      "captainSlotsRemaining": null,
      "captainSlotsUsed": null,
      "controlMode": "ai",
      "d1CaptainSelectionStatus": null,
      "d2CaptainSelectionStatus": null,
      "overwriteExisting": true,
      "previewStatus": "blocked",
      "result": "skipped_existing",
      "saved": false,
      "teamCode": "L-R",
      "teamId": "L-R",
      "teamName": "Last Ride",
      "warnings": [],
    },
    {
      "aiEligible": false,
      "blockingReasons": [
        "existing_lineup_requires_overwrite_confirm",
      ],
      "captainDecisions": [],
      "captainSlotsRemaining": null,
      "captainSlotsUsed": null,
      "controlMode": "ai",
      "d1CaptainSelectionStatus": null,
      "d2CaptainSelectionStatus": null,
      "overwriteExisting": true,
      "previewStatus": "blocked",
      "result": "skipped_existing",
      "saved": false,
      "teamCode": "M-M",
      "teamId": "M-M",
      "teamName": "Mayhem Mavericks",
      "warnings": [],
    },
    {
      "aiEligible": false,
      "blockingReasons": [
        "existing_lineup_requires_overwrite_confirm",
      ],
      "captainDecisions": [],
      "captainSlotsRemaining": null,
      "captainSlotsUsed": null,
      "controlMode": "ai",
      "d1CaptainSelectionStatus": null,
      "d2CaptainSelectionStatus": null,
      "overwriteExisting": true,
      "previewStatus": "blocked",
      "result": "skipped_existing",
      "saved": false,
      "teamCode": "M-S",
      "teamId": "M-S",
      "teamName": "Mortal Sin",
      "warnings": [],
    },
    {
      "aiEligible": false,
      "blockingReasons": [
        "existing_lineup_requires_overwrite_confirm",
      ],
      "captainDecisions": [],
      "captainSlotsRemaining": null,
      "captainSlotsUsed": null,
      "controlMode": "ai",
      "d1CaptainSelectionStatus": null,
      "d2CaptainSelectionStatus": null,
      "overwriteExisting": true,
      "previewStatus": "blocked",
      "result": "skipped_existing",
      "saved": false,
      "teamCode": "N-N",
      "teamId": "N-N",
      "teamName": "Nunchuck Ninjas",
      "warnings": [],
    },
    {
      "aiEligible": false,
      "blockingReasons": [
        "existing_lineup_requires_overwrite_confirm",
      ],
      "captainDecisions": [],
      "captainSlotsRemaining": null,
      "captainSlotsUsed": null,
      "controlMode": "ai",
      "d1CaptainSelectionStatus": null,
      "d2CaptainSelectionStatus": null,
      "overwriteExisting": true,
      "previewStatus": "blocked",
      "result": "skipped_existing",
      "saved": false,
      "teamCode": "N-W",
      "teamId": "N-W",
      "teamName": "Natures Wrath",
      "warnings": [],
    },
    {
      "aiEligible": false,
      "blockingReasons": [
        "existing_lineup_requires_overwrite_confirm",
      ],
      "captainDecisions": [],
      "captainSlotsRemaining": null,
      "captainSlotsUsed": null,
      "controlMode": "ai",
      "d1CaptainSelectionStatus": null,
      "d2CaptainSelectionStatus": null,
      "overwriteExisting": true,
      "previewStatus": "blocked",
      "result": "skipped_existing",
      "saved": false,
      "teamCode": "P-C",
      "teamId": "P-C",
      "teamName": "Pirate Crew",
      "warnings": [],
    },
    {
      "aiEligible": false,
      "blockingReasons": [
        "existing_lineup_requires_overwrite_confirm",
      ],
      "captainDecisions": [],
      "captainSlotsRemaining": null,
      "captainSlotsUsed": null,
      "controlMode": "ai",
      "d1CaptainSelectionStatus": null,
      "d2CaptainSelectionStatus": null,
      "overwriteExisting": true,
      "previewStatus": "blocked",
      "result": "skipped_existing",
      "saved": false,
      "teamCode": "P-S",
      "teamId": "P-S",
      "teamName": "Project Suicide",
      "warnings": [],
    },
    {
      "aiEligible": false,
      "blockingReasons": [
        "existing_lineup_requires_overwrite_confirm",
      ],
      "captainDecisions": [],
      "captainSlotsRemaining": null,
      "captainSlotsUsed": null,
      "controlMode": "ai",
      "d1CaptainSelectionStatus": null,
      "d2CaptainSelectionStatus": null,
      "overwriteExisting": true,
      "previewStatus": "blocked",
      "result": "skipped_existing",
      "saved": false,
      "teamCode": "R-C",
      "teamId": "R-C",
      "teamName": "Royal Court",
      "warnings": [],
    },
    {
      "aiEligible": false,
      "blockingReasons": [
        "existing_lineup_requires_overwrite_confirm",
      ],
      "captainDecisions": [],
      "captainSlotsRemaining": null,
      "captainSlotsUsed": null,
      "controlMode": "ai",
      "d1CaptainSelectionStatus": null,
      "d2CaptainSelectionStatus": null,
      "overwriteExisting": true,
      "previewStatus": "blocked",
      "result": "skipped_existing",
      "saved": false,
      "teamCode": "R-L",
      "teamId": "R-L",
      "teamName": "Raging Lunatics",
      "warnings": [],
    },
    {
      "aiEligible": false,
      "blockingReasons": [
        "existing_lineup_requires_overwrite_confirm",
      ],
      "captainDecisions": [],
      "captainSlotsRemaining": null,
      "captainSlotsUsed": null,
      "controlMode": "ai",
      "d1CaptainSelectionStatus": null,
      "d2CaptainSelectionStatus": null,
      "overwriteExisting": true,
      "previewStatus": "blocked",
      "result": "skipped_existing",
      "saved": false,
      "teamCode": "R-R",
      "teamId": "R-R",
      "teamName": "Riptide Rivers",
      "warnings": [],
    },
    {
      "aiEligible": false,
      "blockingReasons": [
        "existing_lineup_requires_overwrite_confirm",
      ],
      "captainDecisions": [],
      "captainSlotsRemaining": null,
      "captainSlotsUsed": null,
      "controlMode": "ai",
      "d1CaptainSelectionStatus": null,
      "d2CaptainSelectionStatus": null,
      "overwriteExisting": true,
      "previewStatus": "blocked",
      "result": "skipped_existing",
      "saved": false,
      "teamCode": "S-C",
      "teamId": "S-C",
      "teamName": "Stronghold Crusaders",
      "warnings": [],
    },
    {
      "aiEligible": false,
      "blockingReasons": [
        "existing_lineup_requires_overwrite_confirm",
      ],
      "captainDecisions": [],
      "captainSlotsRemaining": null,
      "captainSlotsUsed": null,
      "controlMode": "ai",
      "d1CaptainSelectionStatus": null,
      "d2CaptainSelectionStatus": null,
      "overwriteExisting": true,
      "previewStatus": "blocked",
      "result": "skipped_existing",
      "saved": false,
      "teamCode": "S-S",
      "teamId": "S-S",
      "teamName": "Silver Soldiers",
      "warnings": [],
    },
    {
      "aiEligible": false,
      "blockingReasons": [
        "existing_lineup_requires_overwrite_confirm",
      ],
      "captainDecisions": [],
      "captainSlotsRemaining": null,
      "captainSlotsUsed": null,
      "controlMode": "ai",
      "d1CaptainSelectionStatus": null,
      "d2CaptainSelectionStatus": null,
      "overwriteExisting": true,
      "previewStatus": "blocked",
      "result": "skipped_existing",
      "saved": false,
      "teamCode": "T-C",
      "teamId": "T-C",
      "teamName": "The Chantry",
      "warnings": [],
    },
    {
      "aiEligible": false,
      "blockingReasons": [
        "existing_lineup_requires_overwrite_confirm",
      ],
      "captainDecisions": [],
      "captainSlotsRemaining": null,
      "captainSlotsUsed": null,
      "controlMode": "ai",
      "d1CaptainSelectionStatus": null,
      "d2CaptainSelectionStatus": null,
      "overwriteExisting": true,
      "previewStatus": "blocked",
      "result": "skipped_existing",
      "saved": false,
      "teamCode": "T-G",
      "teamId": "T-G",
      "teamName": "The Giants",
      "warnings": [],
    },
    {
      "aiEligible": false,
      "blockingReasons": [
        "existing_lineup_requires_overwrite_confirm",
      ],
      "captainDecisions": [],
      "captainSlotsRemaining": null,
      "captainSlotsUsed": null,
      "controlMode": "ai",
      "d1CaptainSelectionStatus": null,
      "d2CaptainSelectionStatus": null,
      "overwriteExisting": true,
      "previewStatus": "blocked",
      "result": "skipped_existing",
      "saved": false,
      "teamCode": "T-T",
      "teamId": "T-T",
      "teamName": "Terrible Teachers",
      "warnings": [],
    },
    {
      "aiEligible": false,
      "blockingReasons": [
        "existing_lineup_requires_overwrite_confirm",
      ],
      "captainDecisions": [],
      "captainSlotsRemaining": null,
      "captainSlotsUsed": null,
      "controlMode": "ai",
      "d1CaptainSelectionStatus": null,
      "d2CaptainSelectionStatus": null,
      "overwriteExisting": true,
      "previewStatus": "blocked",
      "result": "skipped_existing",
      "saved": false,
      "teamCode": "U-A",
      "teamId": "U-A",
      "teamName": "Undercover Agents",
      "warnings": [],
    },
    {
      "aiEligible": false,
      "blockingReasons": [
        "existing_lineup_requires_overwrite_confirm",
      ],
      "captainDecisions": [],
      "captainSlotsRemaining": null,
      "captainSlotsUsed": null,
      "controlMode": "ai",
      "d1CaptainSelectionStatus": null,
      "d2CaptainSelectionStatus": null,
      "overwriteExisting": true,
      "previewStatus": "blocked",
      "result": "skipped_existing",
      "saved": false,
      "teamCode": "V-D",
      "teamId": "V-D",
      "teamName": "Vicious & Delicious",
      "warnings": [],
    },
    {
      "aiEligible": false,
      "blockingReasons": [
        "existing_lineup_requires_overwrite_confirm",
      ],
      "captainDecisions": [],
      "captainSlotsRemaining": null,
      "captainSlotsUsed": null,
      "controlMode": "ai",
      "d1CaptainSelectionStatus": null,
      "d2CaptainSelectionStatus": null,
      "overwriteExisting": true,
      "previewStatus": "blocked",
      "result": "skipped_existing",
      "saved": false,
      "teamCode": "V-V",
      "teamId": "V-V",
      "teamName": "Vigorous Vikings",
      "warnings": [],
    },
    {
      "aiEligible": false,
      "blockingReasons": [
        "existing_lineup_requires_overwrite_confirm",
      ],
      "captainDecisions": [],
      "captainSlotsRemaining": null,
      "captainSlotsUsed": null,
      "controlMode": "ai",
      "d1CaptainSelectionStatus": null,
      "d2CaptainSelectionStatus": null,
      "overwriteExisting": true,
      "previewStatus": "blocked",
      "result": "skipped_existing",
      "saved": false,
      "teamCode": "V-W",
      "teamId": "V-W",
      "teamName": "Vigilante Wranglers",
      "warnings": [],
    },
    {
      "aiEligible": false,
      "blockingReasons": [
        "existing_lineup_requires_overwrite_confirm",
      ],
      "captainDecisions": [],
      "captainSlotsRemaining": null,
      "captainSlotsUsed": null,
      "controlMode": "ai",
      "d1CaptainSelectionStatus": null,
      "d2CaptainSelectionStatus": null,
      "overwriteExisting": true,
      "previewStatus": "blocked",
      "result": "skipped_existing",
      "saved": false,
      "teamCode": "W-L",
      "teamId": "W-L",
      "teamName": "Wrecking Legionnaires",
      "warnings": [],
    },
    {
      "aiEligible": false,
      "blockingReasons": [
        "existing_lineup_requires_overwrite_confirm",
      ],
      "captainDecisions": [],
      "captainSlotsRemaining": null,
      "captainSlotsUsed": null,
      "controlMode": "ai",
      "d1CaptainSelectionStatus": null,
      "d2CaptainSelectionStatus": null,
      "overwriteExisting": true,
      "previewStatus": "blocked",
      "result": "skipped_existing",
      "saved": false,
      "teamCode": "W-W",
      "teamId": "W-W",
      "teamName": "Wicked Wizards",
      "warnings": [],
    },
    {
      "aiEligible": false,
      "blockingReasons": [
        "existing_lineup_requires_overwrite_confirm",
      ],
      "captainDecisions": [],
      "captainSlotsRemaining": null,
      "captainSlotsUsed": null,
      "controlMode": "ai",
      "d1CaptainSelectionStatus": null,
      "d2CaptainSelectionStatus": null,
      "overwriteExisting": true,
      "previewStatus": "blocked",
      "result": "skipped_existing",
      "saved": false,
      "teamCode": "Z-H",
      "teamId": "Z-H",
      "teamName": "Zero Heroes",
      "warnings": [],
    },
  ],
  "source": "sqlite",
  "summary": {
    "aiEligibleTeams": 3,
    "blockedTeams": 1,
    "blockingReasons": [
      "existing_lineup_requires_overwrite_confirm",
      "Team identity for C-C could not be found in the local save.",
      "ai_lineup_apply_disabled",
    ],
    "captainDecisions": [
      "Captain opportunistisch gesetzt: Broodmother (Wert 43.0 >= Hürde 30.8, Rang 10, 14% der Seite, Gewicht 1.10)",
      "Captain gespart: negative Formkarte auf dieser Diszi — der Bonus wäre dort verschenkt (Rang 10, Cloud Strife +31.2 Rohpunkte)",
      "Captain gespart: negative Formkarte auf dieser Diszi — der Bonus wäre dort verschenkt (Rang 20, Boulderclash +27.3 Rohpunkte)",
      "Captain gespart: negative Formkarte auf dieser Diszi — der Bonus wäre dort verschenkt (Rang 21, Valeria Bloodfang +22.8 Rohpunkte)",
    ],
    "existingLineups": 27,
    "formCardsSelected": 3,
    "negativeFormCardsSelected": 3,
    "overwrittenExisting": 1,
    "plannedLineups": 2,
    "readyTeams": 2,
    "readyToSave": 2,
    "savedTeams": 0,
    "skippedBlocked": 1,
    "skippedDisabled": 1,
    "skippedExisting": 26,
    "skippedManual": 1,
    "skippedPassive": 1,
    "skippedWarning": 0,
    "totalTeams": 32,
    "warningTeams": 0,
    "warnings": [],
    "wouldOverwrite": 1,
    "wouldSave": 2,
  },
  "totalTeams": 32,
}
`;
